// Jest Snapshot v1, https://goo.gl/fbAQLP

exports[`component >> noCtaModal Modal is NOT visible not render modal 1`] = `null`;

exports[`component >> noCtaModal Modal is visible Should render no cta modal correctly 1`] = `
<View
  accessible={true}
  focusable={true}
  onClick={[Function]}
  onResponderGrant={[Function]}
  onResponderMove={[Function]}
  onResponderRelease={[Function]}
  onResponderTerminate={[Function]}
  onResponderTerminationRequest={[Function]}
  onStartShouldSetResponder={[Function]}
  style={
    Array [
      Object {
        "bottom": 0,
        "display": "flex",
        "flex": 1,
        "justifyContent": "center",
        "position": "absolute",
        "top": 0,
        "width": "100%",
        "zIndex": 100,
      },
      Array [
        Object {},
      ],
    ]
  }
>
  <View
    style={
      Array [
        Object {
          "backgroundColor": "#252424",
          "borderRadius": 8,
          "display": "flex",
          "margin": 8,
        },
        Array [
          Object {},
        ],
      ]
    }
  >
    <View
      style={
        Array [
          Object {
            "alignContent": "flex-start",
            "alignItems": "flex-start",
            "display": "flex",
            "margin": 8,
          },
          Array [
            Object {},
          ],
        ]
      }
    >
      <View
        accessible={true}
        collapsable={false}
        focusable={true}
        onBlur={[Function]}
        onClick={[Function]}
        onFocus={[Function]}
        onResponderGrant={[Function]}
        onResponderMove={[Function]}
        onResponderRelease={[Function]}
        onResponderTerminate={[Function]}
        onResponderTerminationRequest={[Function]}
        onStartShouldSetResponder={[Function]}
        style={
          Array [
            Object {},
          ]
        }
      >
        <RNSVGSvgView
          align="xMidYMid"
          bbHeight={16}
          bbWidth={16}
          fill="#f4f5f5"
          focusable={false}
          height={16}
          meetOrSlice={0}
          minX={0}
          minY={0}
          secondaryFill={null}
          secondaryOpacity={0.4}
          style={
            Array [
              Object {
                "backgroundColor": "transparent",
                "borderWidth": 0,
              },
              Object {},
              Object {
                "flex": 0,
                "height": 16,
                "width": 16,
              },
            ]
          }
          testID="modal-close-icon"
          vbHeight={512}
          vbWidth={352}
          width={16}
        >
          <RNSVGGroup
            fill={4294243829}
            propList={
              Array [
                "fill",
              ]
            }
          >
            <RNSVGPath
              d="M242.72 256l100.07-100.07c12.28-12.28 12.28-32.19 0-44.48l-22.24-22.24c-12.28-12.28-32.19-12.28-44.48 0L176 189.28 75.93 89.21c-12.28-12.28-32.19-12.28-44.48 0L9.21 111.45c-12.28 12.28-12.28 32.19 0 44.48L109.28 256 9.21 356.07c-12.28 12.28-12.28 32.19 0 44.48l22.24 22.24c12.28 12.28 32.2 12.28 44.48 0L176 322.72l100.07 100.07c12.28 12.28 32.2 12.28 44.48 0l22.24-22.24c12.28-12.28 12.28-32.19 0-44.48L242.72 256z"
              fill={4294243829}
              fillOpacity={1}
              propList={
                Array [
                  "fill",
                  "fillOpacity",
                ]
              }
            />
          </RNSVGGroup>
        </RNSVGSvgView>
      </View>
    </View>
    <View
      style={
        Array [
          Object {
            "alignContent": "center",
            "alignItems": "center",
            "display": "flex",
            "margin": 16,
            "paddingBottom": 8,
          },
          Array [
            Object {},
          ],
        ]
      }
    >
      <Text
        style={
          Array [
            Object {
              "color": "#f4f5f5",
              "display": "flex",
              "fontSize": 24,
              "fontWeight": "bold",
              "lineHeight": 30,
              "textAlign": "center",
            },
          ]
        }
      >
        Welcome to the no cta modal!
      </Text>
      <Text
        style={
          Array [
            Object {
              "color": "#f4f5f5",
              "display": "flex",
              "fontSize": 16,
              "lineHeight": 20,
              "marginTop": 16,
              "textAlign": "center",
            },
          ]
        }
      >
        This is a modal that has no cta buttons and is just text!
      </Text>
    </View>
  </View>
</View>
`;
