// Jest Snapshot v1, https://goo.gl/fbAQLP

exports[`Components >> RecorderButton Given user IS recording AND app IS loading Should match snapshot 1`] = `
<View
  style={
    Array [
      Object {
        "alignContent": "center",
        "alignItems": "center",
        "display": "flex",
        "height": 110,
        "justifyContent": "center",
        "width": 110,
      },
      Array [
        Object {},
      ],
    ]
  }
>
  <View
    style={
      Array [
        Object {
          "aspectRatio": 1,
        },
        undefined,
        Array [
          Object {
            "height": 35,
            "width": 35,
          },
        ],
      ]
    }
  >
    <View
      autoPlay={true}
      cacheComposition={true}
      collapsable={false}
      enableMergePathsAndroidForKitKatAndAbove={false}
      forwardedRef={[Function]}
      loop={true}
      onAnimationFinish={[Function]}
      onLayout={[Function]}
      progress={0}
      resizeMode="contain"
      sourceJson="{\\"v\\":\\"4.8.0\\",\\"meta\\":{\\"g\\":\\"LottieFiles AE 1.0.0\\",\\"a\\":\\"\\",\\"k\\":\\"\\",\\"d\\":\\"\\",\\"tc\\":\\"#FFFFFF\\"},\\"fr\\":29.9700012207031,\\"ip\\":0,\\"op\\":60.0000024438501,\\"w\\":100,\\"h\\":100,\\"nm\\":\\"loader\\",\\"ddd\\":0,\\"assets\\":[{\\"id\\":\\"comp_0\\",\\"layers\\":[{\\"ddd\\":0,\\"ind\\":1,\\"ty\\":4,\\"nm\\":\\"Shape Layer 2\\",\\"sr\\":1,\\"ks\\":{\\"o\\":{\\"a\\":0,\\"k\\":100,\\"ix\\":11},\\"r\\":{\\"a\\":1,\\"k\\":[{\\"i\\":{\\"x\\":[0.833],\\"y\\":[0.836]},\\"o\\":{\\"x\\":[0.167],\\"y\\":[0.164]},\\"t\\":0,\\"s\\":[0]},{\\"t\\":59.0000024031193,\\"s\\":[360]}],\\"ix\\":10},\\"p\\":{\\"a\\":0,\\"k\\":[62,62,0],\\"ix\\":2},\\"a\\":{\\"a\\":0,\\"k\\":[0.576,4.576,0],\\"ix\\":1},\\"s\\":{\\"a\\":0,\\"k\\":[100,100,100],\\"ix\\":6}},\\"ao\\":0,\\"shapes\\":[{\\"ty\\":\\"gr\\",\\"it\\":[{\\"d\\":1,\\"ty\\":\\"el\\",\\"s\\":{\\"a\\":0,\\"k\\":[89.152,89.152],\\"ix\\":2},\\"p\\":{\\"a\\":0,\\"k\\":[0,0],\\"ix\\":3},\\"nm\\":\\"Ellipse Path 1\\",\\"mn\\":\\"ADBE Vector Shape - Ellipse\\",\\"hd\\":false},{\\"ty\\":\\"tm\\",\\"s\\":{\\"a\\":1,\\"k\\":[{\\"i\\":{\\"x\\":[0.667],\\"y\\":[1]},\\"o\\":{\\"x\\":[0.333],\\"y\\":[0]},\\"t\\":0,\\"s\\":[50.1]},{\\"i\\":{\\"x\\":[0.667],\\"y\\":[1]},\\"o\\":{\\"x\\":[0.333],\\"y\\":[0]},\\"t\\":30,\\"s\\":[70.1]},{\\"t\\":59.0000024031193,\\"s\\":[50.1]}],\\"ix\\":1},\\"e\\":{\\"a\\":1,\\"k\\":[{\\"i\\":{\\"x\\":[0.667],\\"y\\":[1]},\\"o\\":{\\"x\\":[0.333],\\"y\\":[0]},\\"t\\":0,\\"s\\":[49.9]},{\\"i\\":{\\"x\\":[0.667],\\"y\\":[1]},\\"o\\":{\\"x\\":[0.333],\\"y\\":[0]},\\"t\\":30,\\"s\\":[29.9]},{\\"t\\":59.0000024031193,\\"s\\":[49.9]}],\\"ix\\":2},\\"o\\":{\\"a\\":1,\\"k\\":[{\\"i\\":{\\"x\\":[0.833],\\"y\\":[0.836]},\\"o\\":{\\"x\\":[0.167],\\"y\\":[0.164]},\\"t\\":0,\\"s\\":[0]},{\\"t\\":59.0000024031193,\\"s\\":[360]}],\\"ix\\":3},\\"m\\":1,\\"ix\\":2,\\"nm\\":\\"Trim Paths 1\\",\\"mn\\":\\"ADBE Vector Filter - Trim\\",\\"hd\\":false},{\\"ty\\":\\"st\\",\\"c\\":{\\"a\\":0,\\"k\\":[0.37254901960784315,0.8235294117647058,0.7098039215686275,1],\\"ix\\":3},\\"o\\":{\\"a\\":0,\\"k\\":100,\\"ix\\":4},\\"w\\":{\\"a\\":0,\\"k\\":18,\\"ix\\":5},\\"lc\\":2,\\"lj\\":2,\\"bm\\":0,\\"nm\\":\\"Stroke 1\\",\\"mn\\":\\"ADBE Vector Graphic - Stroke\\",\\"hd\\":false},{\\"ty\\":\\"tr\\",\\"p\\":{\\"a\\":0,\\"k\\":[0.576,4.576],\\"ix\\":2},\\"a\\":{\\"a\\":0,\\"k\\":[0,0],\\"ix\\":1},\\"s\\":{\\"a\\":0,\\"k\\":[100,100],\\"ix\\":3},\\"r\\":{\\"a\\":0,\\"k\\":0,\\"ix\\":6},\\"o\\":{\\"a\\":0,\\"k\\":100,\\"ix\\":7},\\"sk\\":{\\"a\\":0,\\"k\\":0,\\"ix\\":4},\\"sa\\":{\\"a\\":0,\\"k\\":0,\\"ix\\":5},\\"nm\\":\\"Transform\\"}],\\"nm\\":\\"Ellipse 1\\",\\"np\\":3,\\"cix\\":2,\\"bm\\":0,\\"ix\\":1,\\"mn\\":\\"ADBE Vector Group\\",\\"hd\\":false}],\\"ip\\":0,\\"op\\":90.0000036657751,\\"st\\":0,\\"bm\\":0},{\\"ddd\\":0,\\"ind\\":2,\\"ty\\":4,\\"nm\\":\\"Shape Layer 3\\",\\"sr\\":1,\\"ks\\":{\\"o\\":{\\"a\\":0,\\"k\\":100,\\"ix\\":11},\\"r\\":{\\"a\\":1,\\"k\\":[{\\"i\\":{\\"x\\":[0.833],\\"y\\":[0.836]},\\"o\\":{\\"x\\":[0.167],\\"y\\":[0.164]},\\"t\\":0,\\"s\\":[0]},{\\"t\\":59.0000024031193,\\"s\\":[360]}],\\"ix\\":10},\\"p\\":{\\"a\\":0,\\"k\\":[62,62,0],\\"ix\\":2},\\"a\\":{\\"a\\":0,\\"k\\":[0.576,4.576,0],\\"ix\\":1},\\"s\\":{\\"a\\":0,\\"k\\":[100,100,100],\\"ix\\":6}},\\"ao\\":0,\\"shapes\\":[{\\"ty\\":\\"gr\\",\\"it\\":[{\\"d\\":1,\\"ty\\":\\"el\\",\\"s\\":{\\"a\\":0,\\"k\\":[89.152,89.152],\\"ix\\":2},\\"p\\":{\\"a\\":0,\\"k\\":[0,0],\\"ix\\":3},\\"nm\\":\\"Ellipse Path 1\\",\\"mn\\":\\"ADBE Vector Shape - Ellipse\\",\\"hd\\":false},{\\"ty\\":\\"tm\\",\\"s\\":{\\"a\\":1,\\"k\\":[{\\"i\\":{\\"x\\":[0.667],\\"y\\":[1]},\\"o\\":{\\"x\\":[0.333],\\"y\\":[0]},\\"t\\":0,\\"s\\":[50.1]},{\\"i\\":{\\"x\\":[0.667],\\"y\\":[1]},\\"o\\":{\\"x\\":[0.333],\\"y\\":[0]},\\"t\\":30,\\"s\\":[70.1]},{\\"t\\":59.0000024031193,\\"s\\":[50.1]}],\\"ix\\":1},\\"e\\":{\\"a\\":1,\\"k\\":[{\\"i\\":{\\"x\\":[0.667],\\"y\\":[1]},\\"o\\":{\\"x\\":[0.333],\\"y\\":[0]},\\"t\\":0,\\"s\\":[49.9]},{\\"i\\":{\\"x\\":[0.667],\\"y\\":[1]},\\"o\\":{\\"x\\":[0.333],\\"y\\":[0]},\\"t\\":30,\\"s\\":[19.9]},{\\"t\\":59.0000024031193,\\"s\\":[49.9]}],\\"ix\\":2},\\"o\\":{\\"a\\":1,\\"k\\":[{\\"i\\":{\\"x\\":[0.833],\\"y\\":[0.836]},\\"o\\":{\\"x\\":[0.167],\\"y\\":[0.164]},\\"t\\":0,\\"s\\":[0]},{\\"t\\":59.0000024031193,\\"s\\":[360]}],\\"ix\\":3},\\"m\\":1,\\"ix\\":2,\\"nm\\":\\"Trim Paths 1\\",\\"mn\\":\\"ADBE Vector Filter - Trim\\",\\"hd\\":false},{\\"ty\\":\\"st\\",\\"c\\":{\\"a\\":0,\\"k\\":[0.403921568627451,0.7137254901960784,0.6588235294117647,1],\\"ix\\":3},\\"o\\":{\\"a\\":0,\\"k\\":100,\\"ix\\":4},\\"w\\":{\\"a\\":0,\\"k\\":18,\\"ix\\":5},\\"lc\\":2,\\"lj\\":2,\\"bm\\":0,\\"nm\\":\\"Stroke 1\\",\\"mn\\":\\"ADBE Vector Graphic - Stroke\\",\\"hd\\":false},{\\"ty\\":\\"tr\\",\\"p\\":{\\"a\\":0,\\"k\\":[0.576,4.576],\\"ix\\":2},\\"a\\":{\\"a\\":0,\\"k\\":[0,0],\\"ix\\":1},\\"s\\":{\\"a\\":0,\\"k\\":[100,100],\\"ix\\":3},\\"r\\":{\\"a\\":0,\\"k\\":0,\\"ix\\":6},\\"o\\":{\\"a\\":0,\\"k\\":100,\\"ix\\":7},\\"sk\\":{\\"a\\":0,\\"k\\":0,\\"ix\\":4},\\"sa\\":{\\"a\\":0,\\"k\\":0,\\"ix\\":5},\\"nm\\":\\"Transform\\"}],\\"nm\\":\\"Ellipse 1\\",\\"np\\":3,\\"cix\\":2,\\"bm\\":0,\\"ix\\":1,\\"mn\\":\\"ADBE Vector Group\\",\\"hd\\":false}],\\"ip\\":0,\\"op\\":90.0000036657751,\\"st\\":0,\\"bm\\":0},{\\"ddd\\":0,\\"ind\\":3,\\"ty\\":4,\\"nm\\":\\"Shape Layer 4\\",\\"sr\\":1,\\"ks\\":{\\"o\\":{\\"a\\":0,\\"k\\":100,\\"ix\\":11},\\"r\\":{\\"a\\":1,\\"k\\":[{\\"i\\":{\\"x\\":[0.833],\\"y\\":[0.836]},\\"o\\":{\\"x\\":[0.167],\\"y\\":[0.164]},\\"t\\":0,\\"s\\":[0]},{\\"t\\":59.0000024031193,\\"s\\":[360]}],\\"ix\\":10},\\"p\\":{\\"a\\":0,\\"k\\":[62,62,0],\\"ix\\":2},\\"a\\":{\\"a\\":0,\\"k\\":[0.576,4.576,0],\\"ix\\":1},\\"s\\":{\\"a\\":0,\\"k\\":[100,100,100],\\"ix\\":6}},\\"ao\\":0,\\"shapes\\":[{\\"ty\\":\\"gr\\",\\"it\\":[{\\"d\\":1,\\"ty\\":\\"el\\",\\"s\\":{\\"a\\":0,\\"k\\":[89.152,89.152],\\"ix\\":2},\\"p\\":{\\"a\\":0,\\"k\\":[0,0],\\"ix\\":3},\\"nm\\":\\"Ellipse Path 1\\",\\"mn\\":\\"ADBE Vector Shape - Ellipse\\",\\"hd\\":false},{\\"ty\\":\\"tm\\",\\"s\\":{\\"a\\":1,\\"k\\":[{\\"i\\":{\\"x\\":[0.667],\\"y\\":[1]},\\"o\\":{\\"x\\":[0.333],\\"y\\":[0]},\\"t\\":0,\\"s\\":[50.1]},{\\"i\\":{\\"x\\":[0.667],\\"y\\":[1]},\\"o\\":{\\"x\\":[0.333],\\"y\\":[0]},\\"t\\":30,\\"s\\":[70.1]},{\\"t\\":59.0000024031193,\\"s\\":[50.1]}],\\"ix\\":1},\\"e\\":{\\"a\\":1,\\"k\\":[{\\"i\\":{\\"x\\":[0.667],\\"y\\":[1]},\\"o\\":{\\"x\\":[0.333],\\"y\\":[0]},\\"t\\":0,\\"s\\":[49.9]},{\\"i\\":{\\"x\\":[0.667],\\"y\\":[1]},\\"o\\":{\\"x\\":[0.333],\\"y\\":[0]},\\"t\\":30,\\"s\\":[9.9]},{\\"t\\":59.0000024031193,\\"s\\":[49.9]}],\\"ix\\":2},\\"o\\":{\\"a\\":1,\\"k\\":[{\\"i\\":{\\"x\\":[0.833],\\"y\\":[0.836]},\\"o\\":{\\"x\\":[0.167],\\"y\\":[0.164]},\\"t\\":0,\\"s\\":[0]},{\\"t\\":59.0000024031193,\\"s\\":[360]}],\\"ix\\":3},\\"m\\":1,\\"ix\\":2,\\"nm\\":\\"Trim Paths 1\\",\\"mn\\":\\"ADBE Vector Filter - Trim\\",\\"hd\\":false},{\\"ty\\":\\"st\\",\\"c\\":{\\"a\\":0,\\"k\\":[0.9411764705882353,0.5372549019607843,0.4117647058823529,1],\\"ix\\":3},\\"o\\":{\\"a\\":0,\\"k\\":100,\\"ix\\":4},\\"w\\":{\\"a\\":0,\\"k\\":18,\\"ix\\":5},\\"lc\\":2,\\"lj\\":2,\\"bm\\":0,\\"nm\\":\\"Stroke 1\\",\\"mn\\":\\"ADBE Vector Graphic - Stroke\\",\\"hd\\":false},{\\"ty\\":\\"tr\\",\\"p\\":{\\"a\\":0,\\"k\\":[0.576,4.576],\\"ix\\":2},\\"a\\":{\\"a\\":0,\\"k\\":[0,0],\\"ix\\":1},\\"s\\":{\\"a\\":0,\\"k\\":[100,100],\\"ix\\":3},\\"r\\":{\\"a\\":0,\\"k\\":0,\\"ix\\":6},\\"o\\":{\\"a\\":0,\\"k\\":100,\\"ix\\":7},\\"sk\\":{\\"a\\":0,\\"k\\":0,\\"ix\\":4},\\"sa\\":{\\"a\\":0,\\"k\\":0,\\"ix\\":5},\\"nm\\":\\"Transform\\"}],\\"nm\\":\\"Ellipse 1\\",\\"np\\":3,\\"cix\\":2,\\"bm\\":0,\\"ix\\":1,\\"mn\\":\\"ADBE Vector Group\\",\\"hd\\":false}],\\"ip\\":0,\\"op\\":90.0000036657751,\\"st\\":0,\\"bm\\":0},{\\"ddd\\":0,\\"ind\\":4,\\"ty\\":4,\\"nm\\":\\"Shape Layer 1\\",\\"sr\\":1,\\"ks\\":{\\"o\\":{\\"a\\":0,\\"k\\":100,\\"ix\\":11},\\"r\\":{\\"a\\":1,\\"k\\":[{\\"i\\":{\\"x\\":[0.833],\\"y\\":[0.836]},\\"o\\":{\\"x\\":[0.167],\\"y\\":[0.164]},\\"t\\":0,\\"s\\":[0]},{\\"t\\":59.0000024031193,\\"s\\":[360]}],\\"ix\\":10},\\"p\\":{\\"a\\":0,\\"k\\":[62,62,0],\\"ix\\":2},\\"a\\":{\\"a\\":0,\\"k\\":[0.576,4.576,0],\\"ix\\":1},\\"s\\":{\\"a\\":0,\\"k\\":[100,100,100],\\"ix\\":6}},\\"ao\\":0,\\"shapes\\":[{\\"ty\\":\\"gr\\",\\"it\\":[{\\"d\\":1,\\"ty\\":\\"el\\",\\"s\\":{\\"a\\":0,\\"k\\":[89.152,89.152],\\"ix\\":2},\\"p\\":{\\"a\\":0,\\"k\\":[0,0],\\"ix\\":3},\\"nm\\":\\"Ellipse Path 1\\",\\"mn\\":\\"ADBE Vector Shape - Ellipse\\",\\"hd\\":false},{\\"ty\\":\\"tm\\",\\"s\\":{\\"a\\":1,\\"k\\":[{\\"i\\":{\\"x\\":[0.667],\\"y\\":[1]},\\"o\\":{\\"x\\":[0.333],\\"y\\":[0]},\\"t\\":0,\\"s\\":[50.1]},{\\"i\\":{\\"x\\":[0.667],\\"y\\":[1]},\\"o\\":{\\"x\\":[0.333],\\"y\\":[0]},\\"t\\":30,\\"s\\":[70.1]},{\\"t\\":59.0000024031193,\\"s\\":[50.1]}],\\"ix\\":1},\\"e\\":{\\"a\\":1,\\"k\\":[{\\"i\\":{\\"x\\":[0.667],\\"y\\":[1]},\\"o\\":{\\"x\\":[0.333],\\"y\\":[0]},\\"t\\":0,\\"s\\":[49.9]},{\\"i\\":{\\"x\\":[0.667],\\"y\\":[1]},\\"o\\":{\\"x\\":[0.333],\\"y\\":[0]},\\"t\\":30,\\"s\\":[0]},{\\"t\\":59.0000024031193,\\"s\\":[49.9]}],\\"ix\\":2},\\"o\\":{\\"a\\":1,\\"k\\":[{\\"i\\":{\\"x\\":[0.833],\\"y\\":[0.836]},\\"o\\":{\\"x\\":[0.167],\\"y\\":[0.164]},\\"t\\":0,\\"s\\":[0]},{\\"t\\":59.0000024031193,\\"s\\":[360]}],\\"ix\\":3},\\"m\\":1,\\"ix\\":2,\\"nm\\":\\"Trim Paths 1\\",\\"mn\\":\\"ADBE Vector Filter - Trim\\",\\"hd\\":false},{\\"ty\\":\\"st\\",\\"c\\":{\\"a\\":0,\\"k\\":[0,0.7098039215686275,0.803921568627451,1],\\"ix\\":3},\\"o\\":{\\"a\\":0,\\"k\\":100,\\"ix\\":4},\\"w\\":{\\"a\\":0,\\"k\\":18,\\"ix\\":5},\\"lc\\":2,\\"lj\\":2,\\"bm\\":0,\\"nm\\":\\"Stroke 1\\",\\"mn\\":\\"ADBE Vector Graphic - Stroke\\",\\"hd\\":false},{\\"ty\\":\\"tr\\",\\"p\\":{\\"a\\":0,\\"k\\":[0.576,4.576],\\"ix\\":2},\\"a\\":{\\"a\\":0,\\"k\\":[0,0],\\"ix\\":1},\\"s\\":{\\"a\\":0,\\"k\\":[100,100],\\"ix\\":3},\\"r\\":{\\"a\\":0,\\"k\\":0,\\"ix\\":6},\\"o\\":{\\"a\\":0,\\"k\\":100,\\"ix\\":7},\\"sk\\":{\\"a\\":0,\\"k\\":0,\\"ix\\":4},\\"sa\\":{\\"a\\":0,\\"k\\":0,\\"ix\\":5},\\"nm\\":\\"Transform\\"}],\\"nm\\":\\"Ellipse 1\\",\\"np\\":3,\\"cix\\":2,\\"bm\\":0,\\"ix\\":1,\\"mn\\":\\"ADBE Vector Group\\",\\"hd\\":false}],\\"ip\\":0,\\"op\\":90.0000036657751,\\"st\\":0,\\"bm\\":0}]}],\\"layers\\":[{\\"ddd\\":0,\\"ind\\":1,\\"ty\\":0,\\"nm\\":\\"Pre-comp 1\\",\\"refId\\":\\"comp_0\\",\\"sr\\":1,\\"ks\\":{\\"o\\":{\\"a\\":0,\\"k\\":100,\\"ix\\":11},\\"r\\":{\\"a\\":0,\\"k\\":180,\\"ix\\":10},\\"p\\":{\\"a\\":0,\\"k\\":[50,50,0],\\"ix\\":2},\\"a\\":{\\"a\\":0,\\"k\\":[62,62,0],\\"ix\\":1},\\"s\\":{\\"a\\":0,\\"k\\":[75,75,100],\\"ix\\":6}},\\"ao\\":0,\\"w\\":124,\\"h\\":124,\\"ip\\":0,\\"op\\":60.0000024438501,\\"st\\":0,\\"bm\\":0}],\\"markers\\":[]}"
      speed={1}
      style={
        Object {
          "aspectRatio": 1,
          "height": 35,
          "width": 35,
        }
      }
      testID="loader-test-id"
    />
  </View>
</View>
`;

exports[`Components >> RecorderButton Given user IS recording AND app is NOT loading Should match snapshot 1`] = `
<View
  style={
    Array [
      Object {
        "aspectRatio": 1,
      },
      undefined,
      Array [
        Object {
          "height": 115,
          "width": 115,
        },
      ],
    ]
  }
>
  <View
    accessibilityState={
      Object {
        "disabled": false,
      }
    }
    accessible={true}
    autoPlay={false}
    cacheComposition={true}
    collapsable={false}
    enableMergePathsAndroidForKitKatAndAbove={false}
    focusable={true}
    forwardedRef={[Function]}
    loop={false}
    onAnimationFinish={[Function]}
    onClick={[Function]}
    onLayout={[Function]}
    onResponderGrant={[Function]}
    onResponderMove={[Function]}
    onResponderRelease={[Function]}
    onResponderTerminate={[Function]}
    onResponderTerminationRequest={[Function]}
    onStartShouldSetResponder={[Function]}
    progress={0}
    resizeMode="contain"
    sourceJson="{\\"v\\":\\"5.5.6\\",\\"fr\\":60,\\"ip\\":0,\\"op\\":100,\\"w\\":110,\\"h\\":110,\\"nm\\":\\"录音\\",\\"ddd\\":0,\\"assets\\":[{\\"id\\":\\"comp_0\\",\\"layers\\":[{\\"ddd\\":0,\\"ind\\":1,\\"ty\\":3,\\"nm\\":\\"▽ recorder_solid \\",\\"sr\\":1,\\"ks\\":{\\"o\\":{\\"a\\":0,\\"k\\":100,\\"ix\\":11},\\"r\\":{\\"a\\":0,\\"k\\":0,\\"ix\\":10},\\"p\\":{\\"a\\":0,\\"k\\":[12,12,0],\\"ix\\":2},\\"a\\":{\\"a\\":0,\\"k\\":[8,12,0],\\"ix\\":1},\\"s\\":{\\"a\\":0,\\"k\\":[100,100,100],\\"ix\\":6}},\\"ao\\":0,\\"ip\\":0,\\"op\\":3600,\\"st\\":0,\\"bm\\":0},{\\"ddd\\":0,\\"ind\\":2,\\"ty\\":4,\\"nm\\":\\"▨ recorder 2\\",\\"parent\\":4,\\"td\\":1,\\"sr\\":1,\\"ks\\":{\\"o\\":{\\"a\\":0,\\"k\\":100,\\"ix\\":11},\\"r\\":{\\"a\\":0,\\"k\\":0,\\"ix\\":10},\\"p\\":{\\"a\\":0,\\"k\\":[0,0,0],\\"ix\\":2},\\"a\\":{\\"a\\":0,\\"k\\":[0,0,0],\\"ix\\":1},\\"s\\":{\\"a\\":0,\\"k\\":[100,100,100],\\"ix\\":6}},\\"ao\\":0,\\"shapes\\":[{\\"ty\\":\\"gr\\",\\"it\\":[{\\"ind\\":0,\\"ty\\":\\"sh\\",\\"ix\\":1,\\"ks\\":{\\"a\\":0,\\"k\\":{\\"i\\":[[0,0],[3.9,-0.52],[0,0],[0,0],[0,-0.6],[0.6,0],[0,0],[0,0.59],[-0.6,0],[0,0],[0,0],[0,3.99],[0,0],[-0.6,0],[0,-0.6],[-3.21,0],[0,3.17],[-0.6,0],[0,-0.6]],\\"o\\":[[0,3.99],[0,0],[0,0],[0.6,0],[0,0.59],[0,0],[-0.6,0],[0,-0.6],[0,0],[0,0],[-3.9,-0.52],[0,0],[0,-0.6],[0.6,0],[0,3.17],[3.21,0],[0,-0.6],[0.6,0],[0,0]],\\"v\\":[[8,-1.066],[1.09,6.744],[1.09,9.344],[4.73,9.344],[5.82,10.424],[4.73,11.504],[-4.73,11.504],[-5.82,10.424],[-4.73,9.344],[-1.09,9.344],[-1.09,6.744],[-8,-1.066],[-8,-1.076],[-6.91,-2.156],[-5.82,-1.076],[0,4.674],[5.82,-1.076],[6.91,-2.156],[8,-1.076]],\\"c\\":true},\\"ix\\":2},\\"nm\\":\\"路径 1\\",\\"mn\\":\\"ADBE Vector Shape - Group\\",\\"hd\\":false},{\\"ind\\":1,\\"ty\\":\\"sh\\",\\"ix\\":2,\\"ks\\":{\\"a\\":0,\\"k\\":{\\"i\\":[[2.41,0],[0,2.38],[0,0],[-2.41,0],[0,-2.38],[0,0]],\\"o\\":[[-2.41,0],[0,0],[0,-2.38],[2.41,0],[0,0],[0,2.38]],\\"v\\":[[-0.004,2.88],[-4.364,-1.44],[-4.364,-7.19],[-0.004,-11.5],[4.366,-7.19],[4.366,-1.44]],\\"c\\":true},\\"ix\\":2},\\"nm\\":\\"路径 2\\",\\"mn\\":\\"ADBE Vector Shape - Group\\",\\"hd\\":false},{\\"ty\\":\\"mm\\",\\"mm\\":1,\\"nm\\":\\"合并路径 1\\",\\"mn\\":\\"ADBE Vector Filter - Merge\\",\\"hd\\":false},{\\"ty\\":\\"fl\\",\\"c\\":{\\"a\\":0,\\"k\\":[0.427451014519,0.447059005499,0.470587998629,1],\\"ix\\":4},\\"o\\":{\\"a\\":0,\\"k\\":100,\\"ix\\":5},\\"r\\":1,\\"bm\\":0,\\"nm\\":\\"填充 1\\",\\"mn\\":\\"ADBE Vector Graphic - Fill\\",\\"hd\\":false},{\\"ty\\":\\"tr\\",\\"p\\":{\\"a\\":0,\\"k\\":[0,0],\\"ix\\":2},\\"a\\":{\\"a\\":0,\\"k\\":[0,0],\\"ix\\":1},\\"s\\":{\\"a\\":0,\\"k\\":[100,100],\\"ix\\":3},\\"r\\":{\\"a\\":0,\\"k\\":0,\\"ix\\":6},\\"o\\":{\\"a\\":0,\\"k\\":100,\\"ix\\":7},\\"sk\\":{\\"a\\":0,\\"k\\":0,\\"ix\\":4},\\"sa\\":{\\"a\\":0,\\"k\\":0,\\"ix\\":5},\\"nm\\":\\"变换\\"}],\\"nm\\":\\"recorder\\",\\"np\\":4,\\"cix\\":2,\\"bm\\":0,\\"ix\\":1,\\"mn\\":\\"ADBE Vector Group\\",\\"hd\\":false},{\\"ty\\":\\"fl\\",\\"c\\":{\\"a\\":0,\\"k\\":[1,0,0,1],\\"ix\\":4},\\"o\\":{\\"a\\":0,\\"k\\":100,\\"ix\\":5},\\"r\\":1,\\"bm\\":0,\\"nm\\":\\"填充 1\\",\\"mn\\":\\"ADBE Vector Graphic - Fill\\",\\"hd\\":false}],\\"ip\\":0,\\"op\\":3600,\\"st\\":0,\\"bm\\":0},{\\"ddd\\":0,\\"ind\\":3,\\"ty\\":0,\\"nm\\":\\"↻ color/color_white\\",\\"parent\\":1,\\"tt\\":1,\\"refId\\":\\"comp_1\\",\\"sr\\":1,\\"ks\\":{\\"o\\":{\\"a\\":0,\\"k\\":100,\\"ix\\":11},\\"r\\":{\\"a\\":0,\\"k\\":0,\\"ix\\":10},\\"p\\":{\\"a\\":0,\\"k\\":[8,12,0],\\"ix\\":2},\\"a\\":{\\"a\\":0,\\"k\\":[50,50,0],\\"ix\\":1},\\"s\\":{\\"a\\":0,\\"k\\":[24,24,100],\\"ix\\":6}},\\"ao\\":0,\\"w\\":100,\\"h\\":100,\\"ip\\":0,\\"op\\":3600,\\"st\\":0,\\"bm\\":0},{\\"ddd\\":0,\\"ind\\":4,\\"ty\\":3,\\"nm\\":\\"recorder\\",\\"parent\\":1,\\"sr\\":1,\\"ks\\":{\\"o\\":{\\"a\\":0,\\"k\\":100,\\"ix\\":11},\\"r\\":{\\"a\\":0,\\"k\\":0,\\"ix\\":10},\\"p\\":{\\"a\\":0,\\"k\\":[8,12,0],\\"ix\\":2},\\"a\\":{\\"a\\":0,\\"k\\":[0,0,0],\\"ix\\":1},\\"s\\":{\\"a\\":0,\\"k\\":[100,100,100],\\"ix\\":6}},\\"ao\\":0,\\"ip\\":0,\\"op\\":3600,\\"st\\":0,\\"bm\\":0}]},{\\"id\\":\\"comp_1\\",\\"layers\\":[{\\"ddd\\":0,\\"ind\\":1,\\"ty\\":4,\\"nm\\":\\"color_white\\",\\"sr\\":1,\\"ks\\":{\\"o\\":{\\"a\\":0,\\"k\\":100,\\"ix\\":11},\\"r\\":{\\"a\\":0,\\"k\\":0,\\"ix\\":10},\\"p\\":{\\"a\\":0,\\"k\\":[50,50,0],\\"ix\\":2},\\"a\\":{\\"a\\":0,\\"k\\":[0,0,0],\\"ix\\":1},\\"s\\":{\\"a\\":0,\\"k\\":[100,100,100],\\"ix\\":6}},\\"ao\\":0,\\"ef\\":[{\\"ty\\":25,\\"nm\\":\\"投影\\",\\"np\\":8,\\"mn\\":\\"ADBE Drop Shadow\\",\\"ix\\":1,\\"en\\":1,\\"ef\\":[{\\"ty\\":2,\\"nm\\":\\"阴影颜色\\",\\"mn\\":\\"ADBE Drop Shadow-0001\\",\\"ix\\":1,\\"v\\":{\\"a\\":0,\\"k\\":[0,0,0,0.10000000149],\\"ix\\":1}},{\\"ty\\":0,\\"nm\\":\\"不透明度\\",\\"mn\\":\\"ADBE Drop Shadow-0002\\",\\"ix\\":2,\\"v\\":{\\"a\\":0,\\"k\\":25.5,\\"ix\\":2}},{\\"ty\\":0,\\"nm\\":\\"方向\\",\\"mn\\":\\"ADBE Drop Shadow-0003\\",\\"ix\\":3,\\"v\\":{\\"a\\":0,\\"k\\":180,\\"ix\\":3}},{\\"ty\\":0,\\"nm\\":\\"距离\\",\\"mn\\":\\"ADBE Drop Shadow-0004\\",\\"ix\\":4,\\"v\\":{\\"a\\":0,\\"k\\":10,\\"ix\\":4}},{\\"ty\\":0,\\"nm\\":\\"柔和度\\",\\"mn\\":\\"ADBE Drop Shadow-0005\\",\\"ix\\":5,\\"v\\":{\\"a\\":0,\\"k\\":20,\\"ix\\":5}},{\\"ty\\":7,\\"nm\\":\\"仅阴影\\",\\"mn\\":\\"ADBE Drop Shadow-0006\\",\\"ix\\":6,\\"v\\":{\\"a\\":0,\\"k\\":0,\\"ix\\":6}}]}],\\"shapes\\":[{\\"ty\\":\\"gr\\",\\"it\\":[{\\"ty\\":\\"rc\\",\\"d\\":1,\\"s\\":{\\"a\\":0,\\"k\\":[100,100],\\"ix\\":2},\\"p\\":{\\"a\\":0,\\"k\\":[0,0],\\"ix\\":3},\\"r\\":{\\"a\\":0,\\"k\\":0,\\"ix\\":4},\\"nm\\":\\"矩形路径 1\\",\\"mn\\":\\"ADBE Vector Shape - Rect\\",\\"hd\\":false},{\\"ty\\":\\"fl\\",\\"c\\":{\\"a\\":0,\\"k\\":[1,1,1,1],\\"ix\\":4},\\"o\\":{\\"a\\":0,\\"k\\":100,\\"ix\\":5},\\"r\\":1,\\"bm\\":0,\\"nm\\":\\"填充 1\\",\\"mn\\":\\"ADBE Vector Graphic - Fill\\",\\"hd\\":false},{\\"ty\\":\\"tr\\",\\"p\\":{\\"a\\":0,\\"k\\":[0,0],\\"ix\\":2},\\"a\\":{\\"a\\":0,\\"k\\":[0,0],\\"ix\\":1},\\"s\\":{\\"a\\":0,\\"k\\":[100,100],\\"ix\\":3},\\"r\\":{\\"a\\":0,\\"k\\":0,\\"ix\\":6},\\"o\\":{\\"a\\":0,\\"k\\":100,\\"ix\\":7},\\"sk\\":{\\"a\\":0,\\"k\\":0,\\"ix\\":4},\\"sa\\":{\\"a\\":0,\\"k\\":0,\\"ix\\":5},\\"nm\\":\\"变换\\"}],\\"nm\\":\\"color_white\\",\\"np\\":2,\\"cix\\":2,\\"bm\\":0,\\"ix\\":1,\\"mn\\":\\"ADBE Vector Group\\",\\"hd\\":false}],\\"ip\\":0,\\"op\\":3600,\\"st\\":0,\\"bm\\":0}]}],\\"layers\\":[{\\"ddd\\":0,\\"ind\\":1,\\"ty\\":4,\\"nm\\":\\"形状图层 2\\",\\"sr\\":1,\\"ks\\":{\\"o\\":{\\"a\\":1,\\"k\\":[{\\"i\\":{\\"x\\":[0.833],\\"y\\":[0.833]},\\"o\\":{\\"x\\":[0.167],\\"y\\":[0.167]},\\"t\\":34,\\"s\\":[20]},{\\"i\\":{\\"x\\":[0.833],\\"y\\":[0.833]},\\"o\\":{\\"x\\":[0.167],\\"y\\":[0.167]},\\"t\\":52,\\"s\\":[80]},{\\"t\\":70,\\"s\\":[100]}],\\"ix\\":11},\\"r\\":{\\"a\\":0,\\"k\\":0,\\"ix\\":10},\\"p\\":{\\"a\\":0,\\"k\\":[55,55,0],\\"ix\\":2},\\"a\\":{\\"a\\":0,\\"k\\":[0,0,0],\\"ix\\":1},\\"s\\":{\\"a\\":1,\\"k\\":[{\\"i\\":{\\"x\\":[0.833,0.833,0.833],\\"y\\":[0.833,0.833,0.833]},\\"o\\":{\\"x\\":[0.167,0.167,0.167],\\"y\\":[0.167,0.167,0.167]},\\"t\\":34,\\"s\\":[20,20,100]},{\\"i\\":{\\"x\\":[0.833,0.833,0.833],\\"y\\":[0.833,0.833,0.833]},\\"o\\":{\\"x\\":[0.167,0.167,0.167],\\"y\\":[0.167,0.167,0.167]},\\"t\\":52,\\"s\\":[120,120,100]},{\\"t\\":70,\\"s\\":[100,100,100]}],\\"ix\\":6}},\\"ao\\":0,\\"shapes\\":[{\\"ty\\":\\"gr\\",\\"it\\":[{\\"d\\":1,\\"ty\\":\\"el\\",\\"s\\":{\\"a\\":0,\\"k\\":[90,90],\\"ix\\":2},\\"p\\":{\\"a\\":0,\\"k\\":[0,0],\\"ix\\":3},\\"nm\\":\\"椭圆路径 1\\",\\"mn\\":\\"ADBE Vector Shape - Ellipse\\",\\"hd\\":false},{\\"ty\\":\\"st\\",\\"c\\":{\\"a\\":0,\\"k\\":[0.1568627450980392,0.1568627450980392,0.1568627450980392,1],\\"ix\\":3},\\"o\\":{\\"a\\":0,\\"k\\":100,\\"ix\\":4},\\"w\\":{\\"a\\":0,\\"k\\":2,\\"ix\\":5},\\"lc\\":1,\\"lj\\":1,\\"ml\\":4,\\"bm\\":0,\\"nm\\":\\"描边 1\\",\\"mn\\":\\"ADBE Vector Graphic - Stroke\\",\\"hd\\":false},{\\"ty\\":\\"fl\\",\\"c\\":{\\"a\\":0,\\"k\\":[0.1568627450980392,0.1568627450980392,0.1568627450980392,1],\\"ix\\":4},\\"o\\":{\\"a\\":0,\\"k\\":0,\\"ix\\":5},\\"r\\":1,\\"bm\\":0,\\"nm\\":\\"填充 1\\",\\"mn\\":\\"ADBE Vector Graphic - Fill\\",\\"hd\\":false},{\\"ty\\":\\"tr\\",\\"p\\":{\\"a\\":0,\\"k\\":[0,0],\\"ix\\":2},\\"a\\":{\\"a\\":0,\\"k\\":[0,0],\\"ix\\":1},\\"s\\":{\\"a\\":0,\\"k\\":[100,100],\\"ix\\":3},\\"r\\":{\\"a\\":0,\\"k\\":0,\\"ix\\":6},\\"o\\":{\\"a\\":0,\\"k\\":100,\\"ix\\":7},\\"sk\\":{\\"a\\":0,\\"k\\":0,\\"ix\\":4},\\"sa\\":{\\"a\\":0,\\"k\\":0,\\"ix\\":5},\\"nm\\":\\"变换\\"}],\\"nm\\":\\"椭圆 1\\",\\"np\\":3,\\"cix\\":2,\\"bm\\":0,\\"ix\\":1,\\"mn\\":\\"ADBE Vector Group\\",\\"hd\\":false}],\\"ip\\":23,\\"op\\":113,\\"st\\":42,\\"bm\\":0},{\\"ddd\\":0,\\"ind\\":2,\\"ty\\":0,\\"nm\\":\\"record icon\\",\\"refId\\":\\"comp_0\\",\\"sr\\":1,\\"ks\\":{\\"o\\":{\\"a\\":1,\\"k\\":[{\\"i\\":{\\"x\\":[0.833],\\"y\\":[0.833]},\\"o\\":{\\"x\\":[0.167],\\"y\\":[0.167]},\\"t\\":28,\\"s\\":[100]},{\\"t\\":41,\\"s\\":[0]}],\\"ix\\":11},\\"r\\":{\\"a\\":0,\\"k\\":0,\\"ix\\":10},\\"p\\":{\\"a\\":0,\\"k\\":[56,56,0],\\"ix\\":2},\\"a\\":{\\"a\\":0,\\"k\\":[12,12,0],\\"ix\\":1},\\"s\\":{\\"a\\":1,\\"k\\":[{\\"i\\":{\\"x\\":[0.833,0.833,0.833],\\"y\\":[0.833,0.833,0.833]},\\"o\\":{\\"x\\":[0.167,0.167,0.167],\\"y\\":[0.167,0.167,0.167]},\\"t\\":20,\\"s\\":[166.667,166.667,100]},{\\"i\\":{\\"x\\":[0.833,0.833,0.833],\\"y\\":[0.833,0.833,0.833]},\\"o\\":{\\"x\\":[0.167,0.167,0.167],\\"y\\":[0.167,0.167,0.167]},\\"t\\":28,\\"s\\":[200,200,100]},{\\"t\\":42,\\"s\\":[0,0,100]}],\\"ix\\":6}},\\"ao\\":0,\\"w\\":24,\\"h\\":24,\\"ip\\":0,\\"op\\":3600,\\"st\\":0,\\"bm\\":0},{\\"ddd\\":0,\\"ind\\":3,\\"ty\\":4,\\"nm\\":\\"red rectangle\\",\\"sr\\":1,\\"ks\\":{\\"o\\":{\\"a\\":0,\\"k\\":100,\\"ix\\":11},\\"r\\":{\\"a\\":0,\\"k\\":0,\\"ix\\":10},\\"p\\":{\\"a\\":0,\\"k\\":[56,55,0],\\"ix\\":2},\\"a\\":{\\"a\\":0,\\"k\\":[0,0,0],\\"ix\\":1},\\"s\\":{\\"a\\":1,\\"k\\":[{\\"i\\":{\\"x\\":[0.833,0.833,0.833],\\"y\\":[0.833,0.833,0.833]},\\"o\\":{\\"x\\":[0.167,0.167,0.167],\\"y\\":[0.167,0.167,0.167]},\\"t\\":20,\\"s\\":[100,100,100]},{\\"t\\":28,\\"s\\":[120,120,100]}],\\"ix\\":6}},\\"ao\\":0,\\"shapes\\":[{\\"ty\\":\\"gr\\",\\"it\\":[{\\"ty\\":\\"rc\\",\\"d\\":1,\\"s\\":{\\"a\\":1,\\"k\\":[{\\"i\\":{\\"x\\":[0.833,0.833],\\"y\\":[0.833,0.833]},\\"o\\":{\\"x\\":[0.167,0.167],\\"y\\":[0.167,0.167]},\\"t\\":20,\\"s\\":[50,33]},{\\"i\\":{\\"x\\":[0.833,0.833],\\"y\\":[0.833,0.833]},\\"o\\":{\\"x\\":[0.167,0.167],\\"y\\":[0.167,0.167]},\\"t\\":28,\\"s\\":[44,44]},{\\"t\\":62,\\"s\\":[22,22]}],\\"ix\\":2},\\"p\\":{\\"a\\":0,\\"k\\":[0,0],\\"ix\\":3},\\"r\\":{\\"a\\":1,\\"k\\":[{\\"i\\":{\\"x\\":[0.833],\\"y\\":[0.833]},\\"o\\":{\\"x\\":[0.167],\\"y\\":[0.167]},\\"t\\":28,\\"s\\":[22.8]},{\\"t\\":46,\\"s\\":[4]}],\\"ix\\":4},\\"nm\\":\\"矩形路径 1\\",\\"mn\\":\\"ADBE Vector Shape - Rect\\",\\"hd\\":false},{\\"ty\\":\\"fl\\",\\"c\\":{\\"a\\":0,\\"k\\":[0.8509803921568627,0.3058823529411765,0.4117647058823529,1],\\"ix\\":4},\\"o\\":{\\"a\\":0,\\"k\\":100,\\"ix\\":5},\\"r\\":1,\\"bm\\":0,\\"nm\\":\\"填充 1\\",\\"mn\\":\\"ADBE Vector Graphic - Fill\\",\\"hd\\":false},{\\"ty\\":\\"tr\\",\\"p\\":{\\"a\\":0,\\"k\\":[0,0],\\"ix\\":2},\\"a\\":{\\"a\\":0,\\"k\\":[0,0],\\"ix\\":1},\\"s\\":{\\"a\\":0,\\"k\\":[200,200],\\"ix\\":3},\\"r\\":{\\"a\\":0,\\"k\\":0,\\"ix\\":6},\\"o\\":{\\"a\\":0,\\"k\\":100,\\"ix\\":7},\\"sk\\":{\\"a\\":0,\\"k\\":0,\\"ix\\":4},\\"sa\\":{\\"a\\":0,\\"k\\":0,\\"ix\\":5},\\"nm\\":\\"变换\\"}],\\"nm\\":\\"矩形\\",\\"np\\":2,\\"cix\\":2,\\"bm\\":0,\\"ix\\":1,\\"mn\\":\\"ADBE Vector Group\\",\\"hd\\":false}],\\"ip\\":0,\\"op\\":113,\\"st\\":20,\\"bm\\":0}],\\"markers\\":[]}"
    speed={1}
    style={
      Object {
        "aspectRatio": 1,
        "height": 115,
        "width": 115,
      }
    }
    testID="recorder-test-id"
  />
</View>
`;

exports[`Components >> RecorderButton Given user is NOT recording AND app is NOT loading Should match snapshot 1`] = `
<View
  style={
    Array [
      Object {
        "aspectRatio": 1,
      },
      undefined,
      Array [
        Object {
          "height": 115,
          "width": 115,
        },
      ],
    ]
  }
>
  <View
    accessibilityState={
      Object {
        "disabled": false,
      }
    }
    accessible={true}
    autoPlay={false}
    cacheComposition={true}
    collapsable={false}
    enableMergePathsAndroidForKitKatAndAbove={false}
    focusable={true}
    forwardedRef={[Function]}
    loop={false}
    onAnimationFinish={[Function]}
    onClick={[Function]}
    onLayout={[Function]}
    onResponderGrant={[Function]}
    onResponderMove={[Function]}
    onResponderRelease={[Function]}
    onResponderTerminate={[Function]}
    onResponderTerminationRequest={[Function]}
    onStartShouldSetResponder={[Function]}
    progress={0}
    resizeMode="contain"
    sourceJson="{\\"v\\":\\"5.5.6\\",\\"fr\\":60,\\"ip\\":0,\\"op\\":100,\\"w\\":110,\\"h\\":110,\\"nm\\":\\"录音\\",\\"ddd\\":0,\\"assets\\":[{\\"id\\":\\"comp_0\\",\\"layers\\":[{\\"ddd\\":0,\\"ind\\":1,\\"ty\\":3,\\"nm\\":\\"▽ recorder_solid \\",\\"sr\\":1,\\"ks\\":{\\"o\\":{\\"a\\":0,\\"k\\":100,\\"ix\\":11},\\"r\\":{\\"a\\":0,\\"k\\":0,\\"ix\\":10},\\"p\\":{\\"a\\":0,\\"k\\":[12,12,0],\\"ix\\":2},\\"a\\":{\\"a\\":0,\\"k\\":[8,12,0],\\"ix\\":1},\\"s\\":{\\"a\\":0,\\"k\\":[100,100,100],\\"ix\\":6}},\\"ao\\":0,\\"ip\\":0,\\"op\\":3600,\\"st\\":0,\\"bm\\":0},{\\"ddd\\":0,\\"ind\\":2,\\"ty\\":4,\\"nm\\":\\"▨ recorder 2\\",\\"parent\\":4,\\"td\\":1,\\"sr\\":1,\\"ks\\":{\\"o\\":{\\"a\\":0,\\"k\\":100,\\"ix\\":11},\\"r\\":{\\"a\\":0,\\"k\\":0,\\"ix\\":10},\\"p\\":{\\"a\\":0,\\"k\\":[0,0,0],\\"ix\\":2},\\"a\\":{\\"a\\":0,\\"k\\":[0,0,0],\\"ix\\":1},\\"s\\":{\\"a\\":0,\\"k\\":[100,100,100],\\"ix\\":6}},\\"ao\\":0,\\"shapes\\":[{\\"ty\\":\\"gr\\",\\"it\\":[{\\"ind\\":0,\\"ty\\":\\"sh\\",\\"ix\\":1,\\"ks\\":{\\"a\\":0,\\"k\\":{\\"i\\":[[0,0],[3.9,-0.52],[0,0],[0,0],[0,-0.6],[0.6,0],[0,0],[0,0.59],[-0.6,0],[0,0],[0,0],[0,3.99],[0,0],[-0.6,0],[0,-0.6],[-3.21,0],[0,3.17],[-0.6,0],[0,-0.6]],\\"o\\":[[0,3.99],[0,0],[0,0],[0.6,0],[0,0.59],[0,0],[-0.6,0],[0,-0.6],[0,0],[0,0],[-3.9,-0.52],[0,0],[0,-0.6],[0.6,0],[0,3.17],[3.21,0],[0,-0.6],[0.6,0],[0,0]],\\"v\\":[[8,-1.066],[1.09,6.744],[1.09,9.344],[4.73,9.344],[5.82,10.424],[4.73,11.504],[-4.73,11.504],[-5.82,10.424],[-4.73,9.344],[-1.09,9.344],[-1.09,6.744],[-8,-1.066],[-8,-1.076],[-6.91,-2.156],[-5.82,-1.076],[0,4.674],[5.82,-1.076],[6.91,-2.156],[8,-1.076]],\\"c\\":true},\\"ix\\":2},\\"nm\\":\\"路径 1\\",\\"mn\\":\\"ADBE Vector Shape - Group\\",\\"hd\\":false},{\\"ind\\":1,\\"ty\\":\\"sh\\",\\"ix\\":2,\\"ks\\":{\\"a\\":0,\\"k\\":{\\"i\\":[[2.41,0],[0,2.38],[0,0],[-2.41,0],[0,-2.38],[0,0]],\\"o\\":[[-2.41,0],[0,0],[0,-2.38],[2.41,0],[0,0],[0,2.38]],\\"v\\":[[-0.004,2.88],[-4.364,-1.44],[-4.364,-7.19],[-0.004,-11.5],[4.366,-7.19],[4.366,-1.44]],\\"c\\":true},\\"ix\\":2},\\"nm\\":\\"路径 2\\",\\"mn\\":\\"ADBE Vector Shape - Group\\",\\"hd\\":false},{\\"ty\\":\\"mm\\",\\"mm\\":1,\\"nm\\":\\"合并路径 1\\",\\"mn\\":\\"ADBE Vector Filter - Merge\\",\\"hd\\":false},{\\"ty\\":\\"fl\\",\\"c\\":{\\"a\\":0,\\"k\\":[0.427451014519,0.447059005499,0.470587998629,1],\\"ix\\":4},\\"o\\":{\\"a\\":0,\\"k\\":100,\\"ix\\":5},\\"r\\":1,\\"bm\\":0,\\"nm\\":\\"填充 1\\",\\"mn\\":\\"ADBE Vector Graphic - Fill\\",\\"hd\\":false},{\\"ty\\":\\"tr\\",\\"p\\":{\\"a\\":0,\\"k\\":[0,0],\\"ix\\":2},\\"a\\":{\\"a\\":0,\\"k\\":[0,0],\\"ix\\":1},\\"s\\":{\\"a\\":0,\\"k\\":[100,100],\\"ix\\":3},\\"r\\":{\\"a\\":0,\\"k\\":0,\\"ix\\":6},\\"o\\":{\\"a\\":0,\\"k\\":100,\\"ix\\":7},\\"sk\\":{\\"a\\":0,\\"k\\":0,\\"ix\\":4},\\"sa\\":{\\"a\\":0,\\"k\\":0,\\"ix\\":5},\\"nm\\":\\"变换\\"}],\\"nm\\":\\"recorder\\",\\"np\\":4,\\"cix\\":2,\\"bm\\":0,\\"ix\\":1,\\"mn\\":\\"ADBE Vector Group\\",\\"hd\\":false},{\\"ty\\":\\"fl\\",\\"c\\":{\\"a\\":0,\\"k\\":[1,0,0,1],\\"ix\\":4},\\"o\\":{\\"a\\":0,\\"k\\":100,\\"ix\\":5},\\"r\\":1,\\"bm\\":0,\\"nm\\":\\"填充 1\\",\\"mn\\":\\"ADBE Vector Graphic - Fill\\",\\"hd\\":false}],\\"ip\\":0,\\"op\\":3600,\\"st\\":0,\\"bm\\":0},{\\"ddd\\":0,\\"ind\\":3,\\"ty\\":0,\\"nm\\":\\"↻ color/color_white\\",\\"parent\\":1,\\"tt\\":1,\\"refId\\":\\"comp_1\\",\\"sr\\":1,\\"ks\\":{\\"o\\":{\\"a\\":0,\\"k\\":100,\\"ix\\":11},\\"r\\":{\\"a\\":0,\\"k\\":0,\\"ix\\":10},\\"p\\":{\\"a\\":0,\\"k\\":[8,12,0],\\"ix\\":2},\\"a\\":{\\"a\\":0,\\"k\\":[50,50,0],\\"ix\\":1},\\"s\\":{\\"a\\":0,\\"k\\":[24,24,100],\\"ix\\":6}},\\"ao\\":0,\\"w\\":100,\\"h\\":100,\\"ip\\":0,\\"op\\":3600,\\"st\\":0,\\"bm\\":0},{\\"ddd\\":0,\\"ind\\":4,\\"ty\\":3,\\"nm\\":\\"recorder\\",\\"parent\\":1,\\"sr\\":1,\\"ks\\":{\\"o\\":{\\"a\\":0,\\"k\\":100,\\"ix\\":11},\\"r\\":{\\"a\\":0,\\"k\\":0,\\"ix\\":10},\\"p\\":{\\"a\\":0,\\"k\\":[8,12,0],\\"ix\\":2},\\"a\\":{\\"a\\":0,\\"k\\":[0,0,0],\\"ix\\":1},\\"s\\":{\\"a\\":0,\\"k\\":[100,100,100],\\"ix\\":6}},\\"ao\\":0,\\"ip\\":0,\\"op\\":3600,\\"st\\":0,\\"bm\\":0}]},{\\"id\\":\\"comp_1\\",\\"layers\\":[{\\"ddd\\":0,\\"ind\\":1,\\"ty\\":4,\\"nm\\":\\"color_white\\",\\"sr\\":1,\\"ks\\":{\\"o\\":{\\"a\\":0,\\"k\\":100,\\"ix\\":11},\\"r\\":{\\"a\\":0,\\"k\\":0,\\"ix\\":10},\\"p\\":{\\"a\\":0,\\"k\\":[50,50,0],\\"ix\\":2},\\"a\\":{\\"a\\":0,\\"k\\":[0,0,0],\\"ix\\":1},\\"s\\":{\\"a\\":0,\\"k\\":[100,100,100],\\"ix\\":6}},\\"ao\\":0,\\"ef\\":[{\\"ty\\":25,\\"nm\\":\\"投影\\",\\"np\\":8,\\"mn\\":\\"ADBE Drop Shadow\\",\\"ix\\":1,\\"en\\":1,\\"ef\\":[{\\"ty\\":2,\\"nm\\":\\"阴影颜色\\",\\"mn\\":\\"ADBE Drop Shadow-0001\\",\\"ix\\":1,\\"v\\":{\\"a\\":0,\\"k\\":[0,0,0,0.10000000149],\\"ix\\":1}},{\\"ty\\":0,\\"nm\\":\\"不透明度\\",\\"mn\\":\\"ADBE Drop Shadow-0002\\",\\"ix\\":2,\\"v\\":{\\"a\\":0,\\"k\\":25.5,\\"ix\\":2}},{\\"ty\\":0,\\"nm\\":\\"方向\\",\\"mn\\":\\"ADBE Drop Shadow-0003\\",\\"ix\\":3,\\"v\\":{\\"a\\":0,\\"k\\":180,\\"ix\\":3}},{\\"ty\\":0,\\"nm\\":\\"距离\\",\\"mn\\":\\"ADBE Drop Shadow-0004\\",\\"ix\\":4,\\"v\\":{\\"a\\":0,\\"k\\":10,\\"ix\\":4}},{\\"ty\\":0,\\"nm\\":\\"柔和度\\",\\"mn\\":\\"ADBE Drop Shadow-0005\\",\\"ix\\":5,\\"v\\":{\\"a\\":0,\\"k\\":20,\\"ix\\":5}},{\\"ty\\":7,\\"nm\\":\\"仅阴影\\",\\"mn\\":\\"ADBE Drop Shadow-0006\\",\\"ix\\":6,\\"v\\":{\\"a\\":0,\\"k\\":0,\\"ix\\":6}}]}],\\"shapes\\":[{\\"ty\\":\\"gr\\",\\"it\\":[{\\"ty\\":\\"rc\\",\\"d\\":1,\\"s\\":{\\"a\\":0,\\"k\\":[100,100],\\"ix\\":2},\\"p\\":{\\"a\\":0,\\"k\\":[0,0],\\"ix\\":3},\\"r\\":{\\"a\\":0,\\"k\\":0,\\"ix\\":4},\\"nm\\":\\"矩形路径 1\\",\\"mn\\":\\"ADBE Vector Shape - Rect\\",\\"hd\\":false},{\\"ty\\":\\"fl\\",\\"c\\":{\\"a\\":0,\\"k\\":[1,1,1,1],\\"ix\\":4},\\"o\\":{\\"a\\":0,\\"k\\":100,\\"ix\\":5},\\"r\\":1,\\"bm\\":0,\\"nm\\":\\"填充 1\\",\\"mn\\":\\"ADBE Vector Graphic - Fill\\",\\"hd\\":false},{\\"ty\\":\\"tr\\",\\"p\\":{\\"a\\":0,\\"k\\":[0,0],\\"ix\\":2},\\"a\\":{\\"a\\":0,\\"k\\":[0,0],\\"ix\\":1},\\"s\\":{\\"a\\":0,\\"k\\":[100,100],\\"ix\\":3},\\"r\\":{\\"a\\":0,\\"k\\":0,\\"ix\\":6},\\"o\\":{\\"a\\":0,\\"k\\":100,\\"ix\\":7},\\"sk\\":{\\"a\\":0,\\"k\\":0,\\"ix\\":4},\\"sa\\":{\\"a\\":0,\\"k\\":0,\\"ix\\":5},\\"nm\\":\\"变换\\"}],\\"nm\\":\\"color_white\\",\\"np\\":2,\\"cix\\":2,\\"bm\\":0,\\"ix\\":1,\\"mn\\":\\"ADBE Vector Group\\",\\"hd\\":false}],\\"ip\\":0,\\"op\\":3600,\\"st\\":0,\\"bm\\":0}]}],\\"layers\\":[{\\"ddd\\":0,\\"ind\\":1,\\"ty\\":4,\\"nm\\":\\"形状图层 2\\",\\"sr\\":1,\\"ks\\":{\\"o\\":{\\"a\\":1,\\"k\\":[{\\"i\\":{\\"x\\":[0.833],\\"y\\":[0.833]},\\"o\\":{\\"x\\":[0.167],\\"y\\":[0.167]},\\"t\\":34,\\"s\\":[20]},{\\"i\\":{\\"x\\":[0.833],\\"y\\":[0.833]},\\"o\\":{\\"x\\":[0.167],\\"y\\":[0.167]},\\"t\\":52,\\"s\\":[80]},{\\"t\\":70,\\"s\\":[100]}],\\"ix\\":11},\\"r\\":{\\"a\\":0,\\"k\\":0,\\"ix\\":10},\\"p\\":{\\"a\\":0,\\"k\\":[55,55,0],\\"ix\\":2},\\"a\\":{\\"a\\":0,\\"k\\":[0,0,0],\\"ix\\":1},\\"s\\":{\\"a\\":1,\\"k\\":[{\\"i\\":{\\"x\\":[0.833,0.833,0.833],\\"y\\":[0.833,0.833,0.833]},\\"o\\":{\\"x\\":[0.167,0.167,0.167],\\"y\\":[0.167,0.167,0.167]},\\"t\\":34,\\"s\\":[20,20,100]},{\\"i\\":{\\"x\\":[0.833,0.833,0.833],\\"y\\":[0.833,0.833,0.833]},\\"o\\":{\\"x\\":[0.167,0.167,0.167],\\"y\\":[0.167,0.167,0.167]},\\"t\\":52,\\"s\\":[120,120,100]},{\\"t\\":70,\\"s\\":[100,100,100]}],\\"ix\\":6}},\\"ao\\":0,\\"shapes\\":[{\\"ty\\":\\"gr\\",\\"it\\":[{\\"d\\":1,\\"ty\\":\\"el\\",\\"s\\":{\\"a\\":0,\\"k\\":[90,90],\\"ix\\":2},\\"p\\":{\\"a\\":0,\\"k\\":[0,0],\\"ix\\":3},\\"nm\\":\\"椭圆路径 1\\",\\"mn\\":\\"ADBE Vector Shape - Ellipse\\",\\"hd\\":false},{\\"ty\\":\\"st\\",\\"c\\":{\\"a\\":0,\\"k\\":[0.1568627450980392,0.1568627450980392,0.1568627450980392,1],\\"ix\\":3},\\"o\\":{\\"a\\":0,\\"k\\":100,\\"ix\\":4},\\"w\\":{\\"a\\":0,\\"k\\":2,\\"ix\\":5},\\"lc\\":1,\\"lj\\":1,\\"ml\\":4,\\"bm\\":0,\\"nm\\":\\"描边 1\\",\\"mn\\":\\"ADBE Vector Graphic - Stroke\\",\\"hd\\":false},{\\"ty\\":\\"fl\\",\\"c\\":{\\"a\\":0,\\"k\\":[0.1568627450980392,0.1568627450980392,0.1568627450980392,1],\\"ix\\":4},\\"o\\":{\\"a\\":0,\\"k\\":0,\\"ix\\":5},\\"r\\":1,\\"bm\\":0,\\"nm\\":\\"填充 1\\",\\"mn\\":\\"ADBE Vector Graphic - Fill\\",\\"hd\\":false},{\\"ty\\":\\"tr\\",\\"p\\":{\\"a\\":0,\\"k\\":[0,0],\\"ix\\":2},\\"a\\":{\\"a\\":0,\\"k\\":[0,0],\\"ix\\":1},\\"s\\":{\\"a\\":0,\\"k\\":[100,100],\\"ix\\":3},\\"r\\":{\\"a\\":0,\\"k\\":0,\\"ix\\":6},\\"o\\":{\\"a\\":0,\\"k\\":100,\\"ix\\":7},\\"sk\\":{\\"a\\":0,\\"k\\":0,\\"ix\\":4},\\"sa\\":{\\"a\\":0,\\"k\\":0,\\"ix\\":5},\\"nm\\":\\"变换\\"}],\\"nm\\":\\"椭圆 1\\",\\"np\\":3,\\"cix\\":2,\\"bm\\":0,\\"ix\\":1,\\"mn\\":\\"ADBE Vector Group\\",\\"hd\\":false}],\\"ip\\":23,\\"op\\":113,\\"st\\":42,\\"bm\\":0},{\\"ddd\\":0,\\"ind\\":2,\\"ty\\":0,\\"nm\\":\\"record icon\\",\\"refId\\":\\"comp_0\\",\\"sr\\":1,\\"ks\\":{\\"o\\":{\\"a\\":1,\\"k\\":[{\\"i\\":{\\"x\\":[0.833],\\"y\\":[0.833]},\\"o\\":{\\"x\\":[0.167],\\"y\\":[0.167]},\\"t\\":28,\\"s\\":[100]},{\\"t\\":41,\\"s\\":[0]}],\\"ix\\":11},\\"r\\":{\\"a\\":0,\\"k\\":0,\\"ix\\":10},\\"p\\":{\\"a\\":0,\\"k\\":[56,56,0],\\"ix\\":2},\\"a\\":{\\"a\\":0,\\"k\\":[12,12,0],\\"ix\\":1},\\"s\\":{\\"a\\":1,\\"k\\":[{\\"i\\":{\\"x\\":[0.833,0.833,0.833],\\"y\\":[0.833,0.833,0.833]},\\"o\\":{\\"x\\":[0.167,0.167,0.167],\\"y\\":[0.167,0.167,0.167]},\\"t\\":20,\\"s\\":[166.667,166.667,100]},{\\"i\\":{\\"x\\":[0.833,0.833,0.833],\\"y\\":[0.833,0.833,0.833]},\\"o\\":{\\"x\\":[0.167,0.167,0.167],\\"y\\":[0.167,0.167,0.167]},\\"t\\":28,\\"s\\":[200,200,100]},{\\"t\\":42,\\"s\\":[0,0,100]}],\\"ix\\":6}},\\"ao\\":0,\\"w\\":24,\\"h\\":24,\\"ip\\":0,\\"op\\":3600,\\"st\\":0,\\"bm\\":0},{\\"ddd\\":0,\\"ind\\":3,\\"ty\\":4,\\"nm\\":\\"red rectangle\\",\\"sr\\":1,\\"ks\\":{\\"o\\":{\\"a\\":0,\\"k\\":100,\\"ix\\":11},\\"r\\":{\\"a\\":0,\\"k\\":0,\\"ix\\":10},\\"p\\":{\\"a\\":0,\\"k\\":[56,55,0],\\"ix\\":2},\\"a\\":{\\"a\\":0,\\"k\\":[0,0,0],\\"ix\\":1},\\"s\\":{\\"a\\":1,\\"k\\":[{\\"i\\":{\\"x\\":[0.833,0.833,0.833],\\"y\\":[0.833,0.833,0.833]},\\"o\\":{\\"x\\":[0.167,0.167,0.167],\\"y\\":[0.167,0.167,0.167]},\\"t\\":20,\\"s\\":[100,100,100]},{\\"t\\":28,\\"s\\":[120,120,100]}],\\"ix\\":6}},\\"ao\\":0,\\"shapes\\":[{\\"ty\\":\\"gr\\",\\"it\\":[{\\"ty\\":\\"rc\\",\\"d\\":1,\\"s\\":{\\"a\\":1,\\"k\\":[{\\"i\\":{\\"x\\":[0.833,0.833],\\"y\\":[0.833,0.833]},\\"o\\":{\\"x\\":[0.167,0.167],\\"y\\":[0.167,0.167]},\\"t\\":20,\\"s\\":[50,33]},{\\"i\\":{\\"x\\":[0.833,0.833],\\"y\\":[0.833,0.833]},\\"o\\":{\\"x\\":[0.167,0.167],\\"y\\":[0.167,0.167]},\\"t\\":28,\\"s\\":[44,44]},{\\"t\\":62,\\"s\\":[22,22]}],\\"ix\\":2},\\"p\\":{\\"a\\":0,\\"k\\":[0,0],\\"ix\\":3},\\"r\\":{\\"a\\":1,\\"k\\":[{\\"i\\":{\\"x\\":[0.833],\\"y\\":[0.833]},\\"o\\":{\\"x\\":[0.167],\\"y\\":[0.167]},\\"t\\":28,\\"s\\":[22.8]},{\\"t\\":46,\\"s\\":[4]}],\\"ix\\":4},\\"nm\\":\\"矩形路径 1\\",\\"mn\\":\\"ADBE Vector Shape - Rect\\",\\"hd\\":false},{\\"ty\\":\\"fl\\",\\"c\\":{\\"a\\":0,\\"k\\":[0.8509803921568627,0.3058823529411765,0.4117647058823529,1],\\"ix\\":4},\\"o\\":{\\"a\\":0,\\"k\\":100,\\"ix\\":5},\\"r\\":1,\\"bm\\":0,\\"nm\\":\\"填充 1\\",\\"mn\\":\\"ADBE Vector Graphic - Fill\\",\\"hd\\":false},{\\"ty\\":\\"tr\\",\\"p\\":{\\"a\\":0,\\"k\\":[0,0],\\"ix\\":2},\\"a\\":{\\"a\\":0,\\"k\\":[0,0],\\"ix\\":1},\\"s\\":{\\"a\\":0,\\"k\\":[200,200],\\"ix\\":3},\\"r\\":{\\"a\\":0,\\"k\\":0,\\"ix\\":6},\\"o\\":{\\"a\\":0,\\"k\\":100,\\"ix\\":7},\\"sk\\":{\\"a\\":0,\\"k\\":0,\\"ix\\":4},\\"sa\\":{\\"a\\":0,\\"k\\":0,\\"ix\\":5},\\"nm\\":\\"变换\\"}],\\"nm\\":\\"矩形\\",\\"np\\":2,\\"cix\\":2,\\"bm\\":0,\\"ix\\":1,\\"mn\\":\\"ADBE Vector Group\\",\\"hd\\":false}],\\"ip\\":0,\\"op\\":113,\\"st\\":20,\\"bm\\":0}],\\"markers\\":[]}"
    speed={1}
    style={
      Object {
        "aspectRatio": 1,
        "height": 115,
        "width": 115,
      }
    }
    testID="recorder-test-id"
  />
</View>
`;
