// Jest Snapshot v1, https://goo.gl/fbAQLP

exports[`components >> draft story card  Should match snapshot correctly 1`] = `
<View
  accessible={true}
  focusable={true}
  onClick={[Function]}
  onResponderGrant={[Function]}
  onResponderMove={[Function]}
  onResponderRelease={[Function]}
  onResponderTerminate={[Function]}
  onResponderTerminationRequest={[Function]}
  onStartShouldSetResponder={[Function]}
  style={
    Object {
      "opacity": 1,
    }
  }
>
  <View
    style={
      Array [
        Object {
          "alignContent": "center",
          "alignItems": "center",
          "backgroundColor": "#ffffff",
          "borderColor": "#252424",
          "borderRadius": 8,
          "borderWidth": 1,
          "display": "flex",
          "flexDirection": "row",
          "justifyContent": "space-between",
          "margin": 16,
        },
        Array [
          Object {
            "elevation": 2,
            "shadowColor": "#000000",
            "shadowOffset": Object {
              "height": 4,
              "width": 0,
            },
            "shadowOpacity": 0.1,
            "shadowRadius": 10,
          },
        ],
      ]
    }
  >
    <View
      style={
        Array [
          Object {
            "display": "flex",
            "marginBottom": 8,
            "marginLeft": 8,
            "width": "80%",
          },
          Array [
            Object {},
          ],
        ]
      }
    >
      <Text
        numberOfLines={1}
        style={
          Array [
            Object {
              "color": "#252424",
              "display": "flex",
              "fontSize": 16,
              "fontWeight": "bold",
              "lineHeight": 24,
              "marginRight": 16,
              "marginTop": 8,
            },
          ]
        }
      >
        Test Title
      </Text>
      <View
        style={
          Array [
            Object {
              "alignSelf": "flex-start",
              "backgroundColor": "#0FCFA6",
              "borderRadius": 8,
              "display": "flex",
              "marginTop": 8,
              "padding": 2,
              "paddingLeft": 8,
              "paddingRight": 8,
            },
            Array [
              Object {},
            ],
          ]
        }
      >
        <Text
          numberOfLines={1}
          style={
            Array [
              Object {
                "color": "#000000",
                "display": "flex",
                "fontSize": 14,
                "lineHeight": 18,
              },
            ]
          }
        >
          This is a test topic
        </Text>
      </View>
    </View>
    <RNSVGSvgView
      align="xMidYMid"
      bbHeight={20}
      bbWidth={20}
      fill="#252424"
      focusable={false}
      height={20}
      meetOrSlice={0}
      minX={0}
      minY={0}
      secondaryFill={null}
      secondaryOpacity={0.4}
      size={20}
      style={
        Array [
          Object {
            "backgroundColor": "transparent",
            "borderWidth": 0,
          },
          Object {
            "marginRight": 16,
          },
          Object {
            "flex": 0,
            "height": 20,
            "width": 20,
          },
        ]
      }
      vbHeight={512}
      vbWidth={320}
      width={20}
    >
      <RNSVGGroup
        fill={4280624164}
        propList={
          Array [
            "fill",
          ]
        }
      >
        <RNSVGPath
          d="M285.476 272.971L91.132 467.314c-9.373 9.373-24.569 9.373-33.941 0l-22.667-22.667c-9.357-9.357-9.375-24.522-.04-33.901L188.505 256 34.484 101.255c-9.335-9.379-9.317-24.544.04-33.901l22.667-22.667c9.373-9.373 24.569-9.373 33.941 0L285.475 239.03c9.373 9.372 9.373 24.568.001 33.941z"
          fill={4280624164}
          fillOpacity={1}
          propList={
            Array [
              "fill",
              "fillOpacity",
            ]
          }
        />
      </RNSVGGroup>
    </RNSVGSvgView>
  </View>
</View>
`;
