// Jest Snapshot v1, https://goo.gl/fbAQLP

exports[`component >> signupModal Modal is NOT visible not render modal 1`] = `null`;

exports[`component >> signupModal Modal is visible Should render signup modal correctly 1`] = `
<View
  accessible={true}
  focusable={true}
  onClick={[Function]}
  onResponderGrant={[Function]}
  onResponderMove={[Function]}
  onResponderRelease={[Function]}
  onResponderTerminate={[Function]}
  onResponderTerminationRequest={[Function]}
  onStartShouldSetResponder={[Function]}
  style={
    Array [
      Object {
        "bottom": 0,
        "display": "flex",
        "flex": 1,
        "justifyContent": "center",
        "position": "absolute",
        "top": 0,
        "width": "100%",
        "zIndex": 100,
      },
      Array [
        Object {},
      ],
    ]
  }
>
  <View
    style={
      Array [
        Object {
          "backgroundColor": "#282828",
          "borderRadius": 8,
          "display": "flex",
          "margin": 8,
        },
        Array [
          Object {},
        ],
      ]
    }
  >
    <View
      style={
        Array [
          Object {
            "alignContent": "flex-start",
            "alignItems": "flex-start",
            "display": "flex",
            "margin": 8,
          },
          Array [
            Object {},
          ],
        ]
      }
    >
      <View
        accessible={true}
        collapsable={false}
        focusable={true}
        onBlur={[Function]}
        onClick={[Function]}
        onFocus={[Function]}
        onResponderGrant={[Function]}
        onResponderMove={[Function]}
        onResponderRelease={[Function]}
        onResponderTerminate={[Function]}
        onResponderTerminationRequest={[Function]}
        onStartShouldSetResponder={[Function]}
        style={
          Array [
            Object {},
          ]
        }
      >
        <RNSVGSvgView
          align="xMidYMid"
          bbHeight={16}
          bbWidth={16}
          fill="#282828"
          focusable={false}
          height={16}
          meetOrSlice={0}
          minX={0}
          minY={0}
          secondaryFill={null}
          secondaryOpacity={0.4}
          style={
            Array [
              Object {
                "backgroundColor": "transparent",
                "borderWidth": 0,
              },
              Object {},
              Object {
                "flex": 0,
                "height": 16,
                "width": 16,
              },
            ]
          }
          testID="modal-close-icon"
          vbHeight={512}
          vbWidth={352}
          width={16}
        >
          <RNSVGGroup
            fill={4280821800}
            propList={
              Array [
                "fill",
              ]
            }
          >
            <RNSVGPath
              d="M242.72 256l100.07-100.07c12.28-12.28 12.28-32.19 0-44.48l-22.24-22.24c-12.28-12.28-32.19-12.28-44.48 0L176 189.28 75.93 89.21c-12.28-12.28-32.19-12.28-44.48 0L9.21 111.45c-12.28 12.28-12.28 32.19 0 44.48L109.28 256 9.21 356.07c-12.28 12.28-12.28 32.19 0 44.48l22.24 22.24c12.28 12.28 32.2 12.28 44.48 0L176 322.72l100.07 100.07c12.28 12.28 32.2 12.28 44.48 0l22.24-22.24c12.28-12.28 12.28-32.19 0-44.48L242.72 256z"
              fill={4280821800}
              fillOpacity={1}
              propList={
                Array [
                  "fill",
                  "fillOpacity",
                ]
              }
            />
          </RNSVGGroup>
        </RNSVGSvgView>
      </View>
    </View>
    <View
      style={
        Array [
          Object {
            "alignContent": "center",
            "alignItems": "center",
            "display": "flex",
            "margin": 16,
            "paddingBottom": 8,
          },
          Array [
            Object {},
          ],
        ]
      }
    >
      <Text
        style={
          Array [
            Object {
              "color": "#A9ABAD",
              "display": "flex",
              "fontFamily": "SFUIText-Bold",
              "fontSize": 32,
              "fontWeight": "bold",
              "lineHeight": 40,
              "textAlign": "center",
            },
          ]
        }
      >
        Welcome! ðŸ‘‹
      </Text>
      <Text
        style={
          Array [
            Object {
              "color": "#A9ABAD",
              "display": "flex",
              "fontFamily": "SFUIDisplay-Regular",
              "fontSize": 18,
              "lineHeight": 20,
              "marginTop": 16,
              "textAlign": "center",
            },
          ]
        }
      >
        To access all of A Life Lived please login or signup
      </Text>
    </View>
    <View
      style={
        Array [
          Object {
            "alignSelf": "center",
            "display": "flex",
            "flexDirection": "row",
            "margin": 16,
          },
          Array [
            Object {},
          ],
        ]
      }
    >
      <View
        accessible={true}
        focusable={true}
        onClick={[Function]}
        onResponderGrant={[Function]}
        onResponderMove={[Function]}
        onResponderRelease={[Function]}
        onResponderTerminate={[Function]}
        onResponderTerminationRequest={[Function]}
        onStartShouldSetResponder={[Function]}
        style={
          Object {
            "backgroundColor": "#67B6A8",
            "borderRadius": 8,
            "marginRight": 8,
            "opacity": 1,
            "padding": 16,
            "width": "50%",
          }
        }
      >
        <Text
          style={
            Array [
              Object {
                "color": "#282828",
                "display": "flex",
                "fontFamily": "SFUIText-Semibold",
                "fontSize": 16,
                "lineHeight": 24,
                "textAlign": "center",
              },
            ]
          }
        >
          Signup
        </Text>
      </View>
      <View
        accessible={true}
        focusable={true}
        onClick={[Function]}
        onResponderGrant={[Function]}
        onResponderMove={[Function]}
        onResponderRelease={[Function]}
        onResponderTerminate={[Function]}
        onResponderTerminationRequest={[Function]}
        onStartShouldSetResponder={[Function]}
        style={
          Object {
            "backgroundColor": "#67B6A8",
            "borderRadius": 8,
            "marginLeft": 8,
            "opacity": 1,
            "padding": 16,
            "width": "50%",
          }
        }
      >
        <Text
          style={
            Array [
              Object {
                "color": "#282828",
                "display": "flex",
                "fontFamily": "SFUIText-Semibold",
                "fontSize": 16,
                "lineHeight": 24,
                "textAlign": "center",
              },
            ]
          }
        >
          Login
        </Text>
      </View>
    </View>
  </View>
</View>
`;
